{
  "version": "1.5.0",
  "plugins_used": [
    {
      "name": "ArtifactoryDetector"
    },
    {
      "name": "AWSKeyDetector"
    },
    {
      "name": "AzureStorageKeyDetector"
    },
    {
      "name": "Base64HighEntropyString",
      "limit": 4.5
    },
    {
      "name": "BasicAuthDetector"
    },
    {
      "name": "CloudantDetector"
    },
    {
      "name": "DiscordBotTokenDetector"
    },
    {
      "name": "GitHubTokenDetector"
    },
    {
      "name": "GitLabTokenDetector"
    },
    {
      "name": "HexHighEntropyString",
      "limit": 3.0
    },
    {
      "name": "IbmCloudIamDetector"
    },
    {
      "name": "IbmCosHmacDetector"
    },
    {
      "name": "IPPublicDetector"
    },
    {
      "name": "JwtTokenDetector"
    },
    {
      "name": "KeywordDetector",
      "keyword_exclude": ""
    },
    {
      "name": "MailchimpDetector"
    },
    {
      "name": "NpmDetector"
    },
    {
      "name": "OpenAIDetector"
    },
    {
      "name": "PrivateKeyDetector"
    },
    {
      "name": "PypiTokenDetector"
    },
    {
      "name": "SendGridDetector"
    },
    {
      "name": "SlackDetector"
    },
    {
      "name": "SoftlayerDetector"
    },
    {
      "name": "SquareOAuthDetector"
    },
    {
      "name": "StripeDetector"
    },
    {
      "name": "TelegramBotTokenDetector"
    },
    {
      "name": "TwilioKeyDetector"
    }
  ],
  "filters_used": [
    {
      "path": "detect_secrets.filters.allowlist.is_line_allowlisted"
    },
    {
      "path": "detect_secrets.filters.common.is_ignored_due_to_verification_policies",
      "min_level": 2
    },
    {
      "path": "detect_secrets.filters.heuristic.is_indirect_reference"
    },
    {
      "path": "detect_secrets.filters.heuristic.is_likely_id_string"
    },
    {
      "path": "detect_secrets.filters.heuristic.is_lock_file"
    },
    {
      "path": "detect_secrets.filters.heuristic.is_not_alphanumeric_string"
    },
    {
      "path": "detect_secrets.filters.heuristic.is_potential_uuid"
    },
    {
      "path": "detect_secrets.filters.heuristic.is_prefixed_with_dollar_sign"
    },
    {
      "path": "detect_secrets.filters.heuristic.is_sequential_string"
    },
    {
      "path": "detect_secrets.filters.heuristic.is_swagger_file"
    },
    {
      "path": "detect_secrets.filters.heuristic.is_templated_secret"
    },
    {
      "path": "detect_secrets.filters.regex.should_exclude_file",
      "pattern": [
        "\\.secrets\\.baseline"
      ]
    }
  ],
  "results": {
    "docs/credentials.md": [
      {
        "type": "Secret Keyword",
        "filename": "docs/credentials.md",
        "hashed_secret": "624e3e695481d9db4a754ff7effe807b12806878",
        "is_verified": false,
        "line_number": 74,
        "is_secret": false
      }
    ],
    "src/synology_dsm/credentials.py": [
      {
        "type": "Secret Keyword",
        "filename": "src/synology_dsm/credentials.py",
        "hashed_secret": "624e3e695481d9db4a754ff7effe807b12806878",
        "is_verified": false,
        "line_number": 21,
        "is_secret": false
      }
    ],
    "src/synology_dsm/filestation.py": [
      {
        "type": "Base64 High Entropy String",
        "filename": "src/synology_dsm/filestation.py",
        "hashed_secret": "cc3fc05f349d8235c1283aa2238438fbd6c801d2",
        "is_verified": false,
        "line_number": 17,
        "is_secret": false
      }
    ],
    "tests/integration/test_full_crud.sh": [
      {
        "type": "Secret Keyword",
        "filename": "tests/integration/test_full_crud.sh",
        "hashed_secret": "981eb7e146cab5b17b4c7f5f12af441d36d0cc36",
        "is_verified": false,
        "line_number": 12,
        "is_secret": false
      }
    ],
    "tests/unit/test_credentials.py": [
      {
        "type": "Secret Keyword",
        "filename": "tests/unit/test_credentials.py",
        "hashed_secret": "e5e9fa1ba31ecd1ae84f75caaa474f3a663f05f4",
        "is_verified": false,
        "line_number": 20,
        "is_secret": false
      },
      {
        "type": "Secret Keyword",
        "filename": "tests/unit/test_credentials.py",
        "hashed_secret": "25ab86bed149ca6ca9c1c0d5db7c9a91388ddeab",
        "is_verified": false,
        "line_number": 36,
        "is_secret": false
      },
      {
        "type": "Secret Keyword",
        "filename": "tests/unit/test_credentials.py",
        "hashed_secret": "a561f20d98e4ad96a6cd1ae06c9b7fb4e996d443",
        "is_verified": false,
        "line_number": 119,
        "is_secret": false
      },
      {
        "type": "Secret Keyword",
        "filename": "tests/unit/test_credentials.py",
        "hashed_secret": "624e3e695481d9db4a754ff7effe807b12806878",
        "is_verified": false,
        "line_number": 129,
        "is_secret": false
      }
    ],
    "tests/unit/test_users.py": [
      {
        "type": "Secret Keyword",
        "filename": "tests/unit/test_users.py",
        "hashed_secret": "e5e9fa1ba31ecd1ae84f75caaa474f3a663f05f4",
        "is_verified": false,
        "line_number": 16,
        "is_secret": false
      }
    ]
  },
  "generated_at": "2026-03-29T13:53:58Z"
}